Component: ARM Compiler 5.06 update 7 for Certification (build 960) Tool: armlink [4d3601]

==============================================================================

Section Cross References

    stm32f10x.o(RESET) refers to stm32f10x.o(STACK) for __initial_sp
    stm32f10x.o(RESET) refers to stm32f10x.o(.text) for Reset_Handler
    stm32f10x.o(RESET) refers to port.o(.emb_text) for vPortSVCHandler
    stm32f10x.o(RESET) refers to port.o(.text) for xPortSysTickHandler
    stm32f10x.o(.text) refers to entry.o(.ARM.Collect$$$$00000000) for __main
    stm32f10x_usart.o(.text) refers to stm32f10x_rcc.o(.text) for RCC_APB2PeriphResetCmd
    stm32f10x_gpio.o(.text) refers to stm32f10x_rcc.o(.text) for RCC_APB2PeriphResetCmd
    stm32f10x_nvic.o(.text) refers to cortexm3_macro_rvds.o(.text) for __SETPRIMASK
    stm32f10x_rcc.o(.text) refers to stm32f10x_rcc.o(.constdata) for .constdata
    stm32f10x_spi.o(.text) refers to stm32f10x_rcc.o(.text) for RCC_APB2PeriphResetCmd
    stm32f10x_tim.o(.text) refers to stm32f10x_rcc.o(.text) for RCC_APB1PeriphResetCmd
    stm32f10x_tim.o(.text) refers to stm32f10x_tim.o(.constdata) for .constdata
    serial.o(.text) refers to stm32f10x_rcc.o(.text) for RCC_APB2PeriphClockCmd
    serial.o(.text) refers to stm32f10x_gpio.o(.text) for GPIO_Init
    serial.o(.text) refers to stm32f10x_usart.o(.text) for USART_Init
    main.o(.text) refers to printfb.o(i.__0printf$bare) for __2printf
    main.o(.text) refers to led.o(.text) for LED_Turn
    main.o(.text) refers to stm32f10x_rcc.o(.text) for RCC_DeInit
    main.o(.text) refers to stm32f10x_nvic.o(.text) for NVIC_SetVectorTable
    main.o(.text) refers to stm32f10x_systick.o(.text) for SysTick_CLKSourceConfig
    main.o(.text) refers to serial.o(.text) for SerialPortInit
    main.o(.text) refers to tasks.o(.text) for xTaskCreate
    main.o(.text) refers to main.o(.bss) for .bss
    tasks.o(.text) refers to list.o(.text) for vListInitialise
    tasks.o(.text) refers to port.o(.text) for vPortEnterCritical
    tasks.o(.text) refers to heap_2.o(.text) for pvPortMalloc
    tasks.o(.text) refers to tasks.o(.bss) for .bss
    tasks.o(.text) refers to tasks.o(.data) for .data
    tasks.o(.text) refers to main.o(.text) for vApplicationGetIdleTaskMemory
    queue.o(.text) refers to port.o(.text) for vPortEnterCritical
    queue.o(.text) refers to list.o(.text) for vListInitialise
    queue.o(.text) refers to tasks.o(.text) for xTaskRemoveFromEventList
    queue.o(.text) refers to heap_2.o(.text) for pvPortMalloc
    queue.o(.text) refers to memcpya.o(.text) for __aeabi_memcpy
    port.o(.emb_text) refers to tasks.o(.text) for vTaskSwitchContext
    port.o(.emb_text) refers to tasks.o(.data) for pxCurrentTCB
    port.o(.text) refers to port.o(.emb_text) for __asm___6_port_c_39a90d8d__prvStartFirstTask
    port.o(.text) refers to tasks.o(.text) for xTaskIncrementTick
    port.o(.text) refers to port.o(.data) for .data
    heap_2.o(.text) refers to tasks.o(.text) for vTaskSuspendAll
    heap_2.o(.text) refers to heap_2.o(.bss) for .bss
    heap_2.o(.text) refers to heap_2.o(.data) for .data
    led.o(.text) refers to stm32f10x_rcc.o(.text) for RCC_APB2PeriphClockCmd
    led.o(.text) refers to stm32f10x_gpio.o(.text) for GPIO_Init
    entry.o(.ARM.Collect$$$$00000000) refers (Special) to entry10a.o(.ARM.Collect$$$$0000000F) for __rt_final_cpp
    entry.o(.ARM.Collect$$$$00000000) refers (Special) to entry11a.o(.ARM.Collect$$$$00000011) for __rt_final_exit
    entry.o(.ARM.Collect$$$$00000000) refers (Special) to entry12b.o(.ARM.Collect$$$$0000000E) for __rt_lib_shutdown_fini
    entry.o(.ARM.Collect$$$$00000000) refers (Special) to entry7b.o(.ARM.Collect$$$$00000008) for _main_clock
    entry.o(.ARM.Collect$$$$00000000) refers (Special) to entry8b.o(.ARM.Collect$$$$0000000A) for _main_cpp_init
    entry.o(.ARM.Collect$$$$00000000) refers (Special) to entry9a.o(.ARM.Collect$$$$0000000B) for _main_init
    entry.o(.ARM.Collect$$$$00000000) refers (Special) to entry5.o(.ARM.Collect$$$$00000004) for _main_scatterload
    entry.o(.ARM.Collect$$$$00000000) refers (Special) to entry2.o(.ARM.Collect$$$$00000001) for _main_stk
    printfb.o(i.__0fprintf$bare) refers to printfb.o(i._printf_core) for _printf_core
    printfb.o(i.__0fprintf$bare) refers to serial.o(.text) for fputc
    printfb.o(i.__0printf$bare) refers to printfb.o(i._printf_core) for _printf_core
    printfb.o(i.__0printf$bare) refers to serial.o(.text) for fputc
    printfb.o(i.__0printf$bare) refers to stdout.o(.data) for __stdout
    printfb.o(i.__0snprintf$bare) refers to printfb.o(i._printf_core) for _printf_core
    printfb.o(i.__0snprintf$bare) refers to printfb.o(i._snputc) for _snputc
    printfb.o(i.__0sprintf$bare) refers to printfb.o(i._printf_core) for _printf_core
    printfb.o(i.__0sprintf$bare) refers to printfb.o(i._sputc) for _sputc
    printfb.o(i.__0vfprintf$bare) refers to printfb.o(i._printf_core) for _printf_core
    printfb.o(i.__0vfprintf$bare) refers to serial.o(.text) for fputc
    printfb.o(i.__0vprintf$bare) refers to printfb.o(i._printf_core) for _printf_core
    printfb.o(i.__0vprintf$bare) refers to serial.o(.text) for fputc
    printfb.o(i.__0vprintf$bare) refers to stdout.o(.data) for __stdout
    printfb.o(i.__0vsnprintf$bare) refers to printfb.o(i._printf_core) for _printf_core
    printfb.o(i.__0vsnprintf$bare) refers to printfb.o(i._snputc) for _snputc
    printfb.o(i.__0vsprintf$bare) refers to printfb.o(i._printf_core) for _printf_core
    printfb.o(i.__0vsprintf$bare) refers to printfb.o(i._sputc) for _sputc
    printf0.o(i.__0fprintf$0) refers to printf0.o(i._printf_core) for _printf_core
    printf0.o(i.__0fprintf$0) refers to serial.o(.text) for fputc
    printf0.o(i.__0printf$0) refers to printf0.o(i._printf_core) for _printf_core
    printf0.o(i.__0printf$0) refers to serial.o(.text) for fputc
    printf0.o(i.__0printf$0) refers to stdout.o(.data) for __stdout
    printf0.o(i.__0snprintf$0) refers to printf0.o(i._printf_core) for _printf_core
    printf0.o(i.__0snprintf$0) refers to printf0.o(i._snputc) for _snputc
    printf0.o(i.__0sprintf$0) refers to printf0.o(i._printf_core) for _printf_core
    printf0.o(i.__0sprintf$0) refers to printf0.o(i._sputc) for _sputc
    printf0.o(i.__0vfprintf$0) refers to printf0.o(i._printf_core) for _printf_core
    printf0.o(i.__0vfprintf$0) refers to serial.o(.text) for fputc
    printf0.o(i.__0vprintf$0) refers to printf0.o(i._printf_core) for _printf_core
    printf0.o(i.__0vprintf$0) refers to serial.o(.text) for fputc
    printf0.o(i.__0vprintf$0) refers to stdout.o(.data) for __stdout
    printf0.o(i.__0vsnprintf$0) refers to printf0.o(i._printf_core) for _printf_core
    printf0.o(i.__0vsnprintf$0) refers to printf0.o(i._snputc) for _snputc
    printf0.o(i.__0vsprintf$0) refers to printf0.o(i._printf_core) for _printf_core
    printf0.o(i.__0vsprintf$0) refers to printf0.o(i._sputc) for _sputc
    printf1.o(i.__0fprintf$1) refers to printf1.o(i._printf_core) for _printf_core
    printf1.o(i.__0fprintf$1) refers to serial.o(.text) for fputc
    printf1.o(i.__0printf$1) refers to printf1.o(i._printf_core) for _printf_core
    printf1.o(i.__0printf$1) refers to serial.o(.text) for fputc
    printf1.o(i.__0printf$1) refers to stdout.o(.data) for __stdout
    printf1.o(i.__0snprintf$1) refers to printf1.o(i._printf_core) for _printf_core
    printf1.o(i.__0snprintf$1) refers to printf1.o(i._snputc) for _snputc
    printf1.o(i.__0sprintf$1) refers to printf1.o(i._printf_core) for _printf_core
    printf1.o(i.__0sprintf$1) refers to printf1.o(i._sputc) for _sputc
    printf1.o(i.__0vfprintf$1) refers to printf1.o(i._printf_core) for _printf_core
    printf1.o(i.__0vfprintf$1) refers to serial.o(.text) for fputc
    printf1.o(i.__0vprintf$1) refers to printf1.o(i._printf_core) for _printf_core
    printf1.o(i.__0vprintf$1) refers to serial.o(.text) for fputc
    printf1.o(i.__0vprintf$1) refers to stdout.o(.data) for __stdout
    printf1.o(i.__0vsnprintf$1) refers to printf1.o(i._printf_core) for _printf_core
    printf1.o(i.__0vsnprintf$1) refers to printf1.o(i._snputc) for _snputc
    printf1.o(i.__0vsprintf$1) refers to printf1.o(i._printf_core) for _printf_core
    printf1.o(i.__0vsprintf$1) refers to printf1.o(i._sputc) for _sputc
    printf1.o(i._printf_core) refers to uidiv.o(.text) for __aeabi_uidivmod
    printf2.o(i.__0fprintf$2) refers to printf2.o(i._printf_core) for _printf_core
    printf2.o(i.__0fprintf$2) refers to serial.o(.text) for fputc
    printf2.o(i.__0printf$2) refers to printf2.o(i._printf_core) for _printf_core
    printf2.o(i.__0printf$2) refers to serial.o(.text) for fputc
    printf2.o(i.__0printf$2) refers to stdout.o(.data) for __stdout
    printf2.o(i.__0snprintf$2) refers to printf2.o(i._printf_core) for _printf_core
    printf2.o(i.__0snprintf$2) refers to printf2.o(i._snputc) for _snputc
    printf2.o(i.__0sprintf$2) refers to printf2.o(i._printf_core) for _printf_core
    printf2.o(i.__0sprintf$2) refers to printf2.o(i._sputc) for _sputc
    printf2.o(i.__0vfprintf$2) refers to printf2.o(i._printf_core) for _printf_core
    printf2.o(i.__0vfprintf$2) refers to serial.o(.text) for fputc
    printf2.o(i.__0vprintf$2) refers to printf2.o(i._printf_core) for _printf_core
    printf2.o(i.__0vprintf$2) refers to serial.o(.text) for fputc
    printf2.o(i.__0vprintf$2) refers to stdout.o(.data) for __stdout
    printf2.o(i.__0vsnprintf$2) refers to printf2.o(i._printf_core) for _printf_core
    printf2.o(i.__0vsnprintf$2) refers to printf2.o(i._snputc) for _snputc
    printf2.o(i.__0vsprintf$2) refers to printf2.o(i._printf_core) for _printf_core
    printf2.o(i.__0vsprintf$2) refers to printf2.o(i._sputc) for _sputc
    printf3.o(i.__0fprintf$3) refers to printf3.o(i._printf_core) for _printf_core
    printf3.o(i.__0fprintf$3) refers to serial.o(.text) for fputc
    printf3.o(i.__0printf$3) refers to printf3.o(i._printf_core) for _printf_core
    printf3.o(i.__0printf$3) refers to serial.o(.text) for fputc
    printf3.o(i.__0printf$3) refers to stdout.o(.data) for __stdout
    printf3.o(i.__0snprintf$3) refers to printf3.o(i._printf_core) for _printf_core
    printf3.o(i.__0snprintf$3) refers to printf3.o(i._snputc) for _snputc
    printf3.o(i.__0sprintf$3) refers to printf3.o(i._printf_core) for _printf_core
    printf3.o(i.__0sprintf$3) refers to printf3.o(i._sputc) for _sputc
    printf3.o(i.__0vfprintf$3) refers to printf3.o(i._printf_core) for _printf_core
    printf3.o(i.__0vfprintf$3) refers to serial.o(.text) for fputc
    printf3.o(i.__0vprintf$3) refers to printf3.o(i._printf_core) for _printf_core
    printf3.o(i.__0vprintf$3) refers to serial.o(.text) for fputc
    printf3.o(i.__0vprintf$3) refers to stdout.o(.data) for __stdout
    printf3.o(i.__0vsnprintf$3) refers to printf3.o(i._printf_core) for _printf_core
    printf3.o(i.__0vsnprintf$3) refers to printf3.o(i._snputc) for _snputc
    printf3.o(i.__0vsprintf$3) refers to printf3.o(i._printf_core) for _printf_core
    printf3.o(i.__0vsprintf$3) refers to printf3.o(i._sputc) for _sputc
    printf3.o(i._printf_core) refers to uidiv.o(.text) for __aeabi_uidivmod
    printf4.o(i.__0fprintf$4) refers to printf4.o(i._printf_core) for _printf_core
    printf4.o(i.__0fprintf$4) refers to serial.o(.text) for fputc
    printf4.o(i.__0printf$4) refers to printf4.o(i._printf_core) for _printf_core
    printf4.o(i.__0printf$4) refers to serial.o(.text) for fputc
    printf4.o(i.__0printf$4) refers to stdout.o(.data) for __stdout
    printf4.o(i.__0snprintf$4) refers to printf4.o(i._printf_core) for _printf_core
    printf4.o(i.__0snprintf$4) refers to printf4.o(i._snputc) for _snputc
    printf4.o(i.__0sprintf$4) refers to printf4.o(i._printf_core) for _printf_core
    printf4.o(i.__0sprintf$4) refers to printf4.o(i._sputc) for _sputc
    printf4.o(i.__0vfprintf$4) refers to printf4.o(i._printf_core) for _printf_core
    printf4.o(i.__0vfprintf$4) refers to serial.o(.text) for fputc
    printf4.o(i.__0vprintf$4) refers to printf4.o(i._printf_core) for _printf_core
    printf4.o(i.__0vprintf$4) refers to serial.o(.text) for fputc
    printf4.o(i.__0vprintf$4) refers to stdout.o(.data) for __stdout
    printf4.o(i.__0vsnprintf$4) refers to printf4.o(i._printf_core) for _printf_core
    printf4.o(i.__0vsnprintf$4) refers to printf4.o(i._snputc) for _snputc
    printf4.o(i.__0vsprintf$4) refers to printf4.o(i._printf_core) for _printf_core
    printf4.o(i.__0vsprintf$4) refers to printf4.o(i._sputc) for _sputc
    printf4.o(i._printf_core) refers to uldiv.o(.text) for __aeabi_uldivmod
    printf5.o(i.__0fprintf$5) refers to printf5.o(i._printf_core) for _printf_core
    printf5.o(i.__0fprintf$5) refers to serial.o(.text) for fputc
    printf5.o(i.__0printf$5) refers to printf5.o(i._printf_core) for _printf_core
    printf5.o(i.__0printf$5) refers to serial.o(.text) for fputc
    printf5.o(i.__0printf$5) refers to stdout.o(.data) for __stdout
    printf5.o(i.__0snprintf$5) refers to printf5.o(i._printf_core) for _printf_core
    printf5.o(i.__0snprintf$5) refers to printf5.o(i._snputc) for _snputc
    printf5.o(i.__0sprintf$5) refers to printf5.o(i._printf_core) for _printf_core
    printf5.o(i.__0sprintf$5) refers to printf5.o(i._sputc) for _sputc
    printf5.o(i.__0vfprintf$5) refers to printf5.o(i._printf_core) for _printf_core
    printf5.o(i.__0vfprintf$5) refers to serial.o(.text) for fputc
    printf5.o(i.__0vprintf$5) refers to printf5.o(i._printf_core) for _printf_core
    printf5.o(i.__0vprintf$5) refers to serial.o(.text) for fputc
    printf5.o(i.__0vprintf$5) refers to stdout.o(.data) for __stdout
    printf5.o(i.__0vsnprintf$5) refers to printf5.o(i._printf_core) for _printf_core
    printf5.o(i.__0vsnprintf$5) refers to printf5.o(i._snputc) for _snputc
    printf5.o(i.__0vsprintf$5) refers to printf5.o(i._printf_core) for _printf_core
    printf5.o(i.__0vsprintf$5) refers to printf5.o(i._sputc) for _sputc
    printf5.o(i._printf_core) refers to uldiv.o(.text) for __aeabi_uldivmod
    printf6.o(i.__0fprintf$6) refers to printf6.o(i._printf_core) for _printf_core
    printf6.o(i.__0fprintf$6) refers to serial.o(.text) for fputc
    printf6.o(i.__0printf$6) refers to printf6.o(i._printf_core) for _printf_core
    printf6.o(i.__0printf$6) refers to serial.o(.text) for fputc
    printf6.o(i.__0printf$6) refers to stdout.o(.data) for __stdout
    printf6.o(i.__0snprintf$6) refers to printf6.o(i._printf_core) for _printf_core
    printf6.o(i.__0snprintf$6) refers to printf6.o(i._snputc) for _snputc
    printf6.o(i.__0sprintf$6) refers to printf6.o(i._printf_core) for _printf_core
    printf6.o(i.__0sprintf$6) refers to printf6.o(i._sputc) for _sputc
    printf6.o(i.__0vfprintf$6) refers to printf6.o(i._printf_core) for _printf_core
    printf6.o(i.__0vfprintf$6) refers to serial.o(.text) for fputc
    printf6.o(i.__0vprintf$6) refers to printf6.o(i._printf_core) for _printf_core
    printf6.o(i.__0vprintf$6) refers to serial.o(.text) for fputc
    printf6.o(i.__0vprintf$6) refers to stdout.o(.data) for __stdout
    printf6.o(i.__0vsnprintf$6) refers to printf6.o(i._printf_core) for _printf_core
    printf6.o(i.__0vsnprintf$6) refers to printf6.o(i._snputc) for _snputc
    printf6.o(i.__0vsprintf$6) refers to printf6.o(i._printf_core) for _printf_core
    printf6.o(i.__0vsprintf$6) refers to printf6.o(i._sputc) for _sputc
    printf6.o(i._printf_core) refers to printf6.o(i._printf_pre_padding) for _printf_pre_padding
    printf6.o(i._printf_core) refers to uidiv.o(.text) for __aeabi_uidivmod
    printf6.o(i._printf_core) refers to printf6.o(i._printf_post_padding) for _printf_post_padding
    printf7.o(i.__0fprintf$7) refers to printf7.o(i._printf_core) for _printf_core
    printf7.o(i.__0fprintf$7) refers to serial.o(.text) for fputc
    printf7.o(i.__0printf$7) refers to printf7.o(i._printf_core) for _printf_core
    printf7.o(i.__0printf$7) refers to serial.o(.text) for fputc
    printf7.o(i.__0printf$7) refers to stdout.o(.data) for __stdout
    printf7.o(i.__0snprintf$7) refers to printf7.o(i._printf_core) for _printf_core
    printf7.o(i.__0snprintf$7) refers to printf7.o(i._snputc) for _snputc
    printf7.o(i.__0sprintf$7) refers to printf7.o(i._printf_core) for _printf_core
    printf7.o(i.__0sprintf$7) refers to printf7.o(i._sputc) for _sputc
    printf7.o(i.__0vfprintf$7) refers to printf7.o(i._printf_core) for _printf_core
    printf7.o(i.__0vfprintf$7) refers to serial.o(.text) for fputc
    printf7.o(i.__0vprintf$7) refers to printf7.o(i._printf_core) for _printf_core
    printf7.o(i.__0vprintf$7) refers to serial.o(.text) for fputc
    printf7.o(i.__0vprintf$7) refers to stdout.o(.data) for __stdout
    printf7.o(i.__0vsnprintf$7) refers to printf7.o(i._printf_core) for _printf_core
    printf7.o(i.__0vsnprintf$7) refers to printf7.o(i._snputc) for _snputc
    printf7.o(i.__0vsprintf$7) refers to printf7.o(i._printf_core) for _printf_core
    printf7.o(i.__0vsprintf$7) refers to printf7.o(i._sputc) for _sputc
    printf7.o(i._printf_core) refers to printf7.o(i._printf_pre_padding) for _printf_pre_padding
    printf7.o(i._printf_core) refers to uldiv.o(.text) for __aeabi_uldivmod
    printf7.o(i._printf_core) refers to printf7.o(i._printf_post_padding) for _printf_post_padding
    printf8.o(i.__0fprintf$8) refers to printf8.o(i._printf_core) for _printf_core
    printf8.o(i.__0fprintf$8) refers to serial.o(.text) for fputc
    printf8.o(i.__0printf$8) refers to printf8.o(i._printf_core) for _printf_core
    printf8.o(i.__0printf$8) refers to serial.o(.text) for fputc
    printf8.o(i.__0printf$8) refers to stdout.o(.data) for __stdout
    printf8.o(i.__0snprintf$8) refers to printf8.o(i._printf_core) for _printf_core
    printf8.o(i.__0snprintf$8) refers to printf8.o(i._snputc) for _snputc
    printf8.o(i.__0sprintf$8) refers to printf8.o(i._printf_core) for _printf_core
    printf8.o(i.__0sprintf$8) refers to printf8.o(i._sputc) for _sputc
    printf8.o(i.__0vfprintf$8) refers to printf8.o(i._printf_core) for _printf_core
    printf8.o(i.__0vfprintf$8) refers to serial.o(.text) for fputc
    printf8.o(i.__0vprintf$8) refers to printf8.o(i._printf_core) for _printf_core
    printf8.o(i.__0vprintf$8) refers to serial.o(.text) for fputc
    printf8.o(i.__0vprintf$8) refers to stdout.o(.data) for __stdout
    printf8.o(i.__0vsnprintf$8) refers to printf8.o(i._printf_core) for _printf_core
    printf8.o(i.__0vsnprintf$8) refers to printf8.o(i._snputc) for _snputc
    printf8.o(i.__0vsprintf$8) refers to printf8.o(i._printf_core) for _printf_core
    printf8.o(i.__0vsprintf$8) refers to printf8.o(i._sputc) for _sputc
    printf8.o(i._printf_core) refers to printf8.o(i._printf_pre_padding) for _printf_pre_padding
    printf8.o(i._printf_core) refers to uldiv.o(.text) for __aeabi_uldivmod
    printf8.o(i._printf_core) refers to printf8.o(i._printf_post_padding) for _printf_post_padding
    printfa.o(i.__0fprintf) refers (Special) to iusefp.o(.text) for __I$use$fp
    printfa.o(i.__0fprintf) refers to printfa.o(i._printf_core) for _printf_core
    printfa.o(i.__0fprintf) refers to serial.o(.text) for fputc
    printfa.o(i.__0printf) refers (Special) to iusefp.o(.text) for __I$use$fp
    printfa.o(i.__0printf) refers to printfa.o(i._printf_core) for _printf_core
    printfa.o(i.__0printf) refers to serial.o(.text) for fputc
    printfa.o(i.__0printf) refers to stdout.o(.data) for __stdout
    printfa.o(i.__0snprintf) refers (Special) to iusefp.o(.text) for __I$use$fp
    printfa.o(i.__0snprintf) refers to printfa.o(i._printf_core) for _printf_core
    printfa.o(i.__0snprintf) refers to printfa.o(i._snputc) for _snputc
    printfa.o(i.__0sprintf) refers (Special) to iusefp.o(.text) for __I$use$fp
    printfa.o(i.__0sprintf) refers to printfa.o(i._printf_core) for _printf_core
    printfa.o(i.__0sprintf) refers to printfa.o(i._sputc) for _sputc
    printfa.o(i.__0vfprintf) refers (Special) to iusefp.o(.text) for __I$use$fp
    printfa.o(i.__0vfprintf) refers to printfa.o(i._printf_core) for _printf_core
    printfa.o(i.__0vfprintf) refers to serial.o(.text) for fputc
    printfa.o(i.__0vprintf) refers (Special) to iusefp.o(.text) for __I$use$fp
    printfa.o(i.__0vprintf) refers to printfa.o(i._printf_core) for _printf_core
    printfa.o(i.__0vprintf) refers to serial.o(.text) for fputc
    printfa.o(i.__0vprintf) refers to stdout.o(.data) for __stdout
    printfa.o(i.__0vsnprintf) refers (Special) to iusefp.o(.text) for __I$use$fp
    printfa.o(i.__0vsnprintf) refers to printfa.o(i._printf_core) for _printf_core
    printfa.o(i.__0vsnprintf) refers to printfa.o(i._snputc) for _snputc
    printfa.o(i.__0vsprintf) refers (Special) to iusefp.o(.text) for __I$use$fp
    printfa.o(i.__0vsprintf) refers to printfa.o(i._printf_core) for _printf_core
    printfa.o(i.__0vsprintf) refers to printfa.o(i._sputc) for _sputc
    printfa.o(i._fp_digits) refers (Special) to iusefp.o(.text) for __I$use$fp
    printfa.o(i._fp_digits) refers to dmul.o(.text) for __aeabi_dmul
    printfa.o(i._fp_digits) refers to ddiv.o(.text) for __aeabi_ddiv
    printfa.o(i._fp_digits) refers to cdrcmple.o(.text) for __aeabi_cdrcmple
    printfa.o(i._fp_digits) refers to dadd.o(.text) for __aeabi_dadd
    printfa.o(i._fp_digits) refers to dfixul.o(.text) for __aeabi_d2ulz
    printfa.o(i._fp_digits) refers to uldiv.o(.text) for __aeabi_uldivmod
    printfa.o(i._printf_core) refers (Special) to iusefp.o(.text) for __I$use$fp
    printfa.o(i._printf_core) refers to printfa.o(i._printf_pre_padding) for _printf_pre_padding
    printfa.o(i._printf_core) refers to uldiv.o(.text) for __aeabi_uldivmod
    printfa.o(i._printf_core) refers to printfa.o(i._printf_post_padding) for _printf_post_padding
    printfa.o(i._printf_core) refers to printfa.o(i._fp_digits) for _fp_digits
    printfa.o(i._printf_core) refers to uidiv.o(.text) for __aeabi_uidivmod
    printfa.o(i._printf_post_padding) refers (Special) to iusefp.o(.text) for __I$use$fp
    printfa.o(i._printf_pre_padding) refers (Special) to iusefp.o(.text) for __I$use$fp
    printfa.o(i._snputc) refers (Special) to iusefp.o(.text) for __I$use$fp
    printfa.o(i._sputc) refers (Special) to iusefp.o(.text) for __I$use$fp
    entry2.o(.ARM.Collect$$$$00000001) refers to entry2.o(.ARM.Collect$$$$00002712) for __lit__00000000
    entry2.o(.ARM.Collect$$$$00002712) refers to stm32f10x.o(STACK) for __initial_sp
    entry2.o(__vectab_stack_and_reset_area) refers to stm32f10x.o(STACK) for __initial_sp
    entry2.o(__vectab_stack_and_reset_area) refers to entry.o(.ARM.Collect$$$$00000000) for __main
    entry5.o(.ARM.Collect$$$$00000004) refers to init.o(.text) for __scatterload
    entry9a.o(.ARM.Collect$$$$0000000B) refers to main.o(.text) for main
    entry9b.o(.ARM.Collect$$$$0000000C) refers to main.o(.text) for main
    uldiv.o(.text) refers to llushr.o(.text) for __aeabi_llsr
    uldiv.o(.text) refers to llshl.o(.text) for __aeabi_llsl
    dadd.o(.text) refers to llshl.o(.text) for __aeabi_llsl
    dadd.o(.text) refers to llsshr.o(.text) for __aeabi_lasr
    dadd.o(.text) refers to depilogue.o(.text) for _double_epilogue
    dmul.o(.text) refers to depilogue.o(.text) for _double_epilogue
    ddiv.o(.text) refers to depilogue.o(.text) for _double_round
    dfixul.o(.text) refers to llushr.o(.text) for __aeabi_llsr
    dfixul.o(.text) refers to llshl.o(.text) for __aeabi_llsl
    init.o(.text) refers to entry5.o(.ARM.Collect$$$$00000004) for __main_after_scatterload
    depilogue.o(.text) refers to llshl.o(.text) for __aeabi_llsl
    depilogue.o(.text) refers to llushr.o(.text) for __aeabi_llsr


==============================================================================

Removing Unused input sections from the image.

    Removing stm32f10x.o(HEAP), (0 bytes).
    Removing stm32f10x_spi.o(.text), (496 bytes).
    Removing stm32f10x_tim.o(.text), (1792 bytes).
    Removing stm32f10x_tim.o(.constdata), (16 bytes).
    Removing main.o(.data), (4 bytes).
    Removing queue.o(.text), (1940 bytes).
    Removing dadd.o(.text), (334 bytes).
    Removing dmul.o(.text), (228 bytes).
    Removing ddiv.o(.text), (222 bytes).
    Removing dfixul.o(.text), (48 bytes).
    Removing cdrcmple.o(.text), (48 bytes).
    Removing depilogue.o(.text), (186 bytes).

12 unused section(s) (total 5314 bytes) removed from the image.

==============================================================================

Image Symbol Table

    Local Symbols

    Symbol Name                              Value     Ov Type        Size  Object(Section)

    ../clib/microlib/division.c              0x00000000   Number         0  uldiv.o ABSOLUTE
    ../clib/microlib/division.c              0x00000000   Number         0  uidiv.o ABSOLUTE
    ../clib/microlib/init/entry.s            0x00000000   Number         0  entry12b.o ABSOLUTE
    ../clib/microlib/init/entry.s            0x00000000   Number         0  entry12a.o ABSOLUTE
    ../clib/microlib/init/entry.s            0x00000000   Number         0  entry11b.o ABSOLUTE
    ../clib/microlib/init/entry.s            0x00000000   Number         0  entry9b.o ABSOLUTE
    ../clib/microlib/init/entry.s            0x00000000   Number         0  entry11a.o ABSOLUTE
    ../clib/microlib/init/entry.s            0x00000000   Number         0  entry10b.o ABSOLUTE
    ../clib/microlib/init/entry.s            0x00000000   Number         0  entry10a.o ABSOLUTE
    ../clib/microlib/init/entry.s            0x00000000   Number         0  entry2.o ABSOLUTE
    ../clib/microlib/init/entry.s            0x00000000   Number         0  entry.o ABSOLUTE
    ../clib/microlib/init/entry.s            0x00000000   Number         0  entry8a.o ABSOLUTE
    ../clib/microlib/init/entry.s            0x00000000   Number         0  entry8b.o ABSOLUTE
    ../clib/microlib/init/entry.s            0x00000000   Number         0  entry9a.o ABSOLUTE
    ../clib/microlib/init/entry.s            0x00000000   Number         0  entry7b.o ABSOLUTE
    ../clib/microlib/init/entry.s            0x00000000   Number         0  entry7a.o ABSOLUTE
    ../clib/microlib/init/entry.s            0x00000000   Number         0  entry5.o ABSOLUTE
    ../clib/microlib/longlong.c              0x00000000   Number         0  llshl.o ABSOLUTE
    ../clib/microlib/longlong.c              0x00000000   Number         0  llsshr.o ABSOLUTE
    ../clib/microlib/longlong.c              0x00000000   Number         0  llushr.o ABSOLUTE
    ../clib/microlib/printf/printf.c         0x00000000   Number         0  printf0.o ABSOLUTE
    ../clib/microlib/printf/printf.c         0x00000000   Number         0  printf6.o ABSOLUTE
    ../clib/microlib/printf/printf.c         0x00000000   Number         0  printf5.o ABSOLUTE
    ../clib/microlib/printf/printf.c         0x00000000   Number         0  printf4.o ABSOLUTE
    ../clib/microlib/printf/printf.c         0x00000000   Number         0  printf3.o ABSOLUTE
    ../clib/microlib/printf/printf.c         0x00000000   Number         0  printf2.o ABSOLUTE
    ../clib/microlib/printf/printf.c         0x00000000   Number         0  printf1.o ABSOLUTE
    ../clib/microlib/printf/printf.c         0x00000000   Number         0  printf7.o ABSOLUTE
    ../clib/microlib/printf/printf.c         0x00000000   Number         0  printfb.o ABSOLUTE
    ../clib/microlib/printf/printf.c         0x00000000   Number         0  printfa.o ABSOLUTE
    ../clib/microlib/printf/printf.c         0x00000000   Number         0  printf8.o ABSOLUTE
    ../clib/microlib/stdio/streams.c         0x00000000   Number         0  stdout.o ABSOLUTE
    ../clib/microlib/string/memcpy.c         0x00000000   Number         0  memcpya.o ABSOLUTE
    ../clib/microlib/string/memcpy.c         0x00000000   Number         0  memcpyb.o ABSOLUTE
    ../clib/microlib/stubs.s                 0x00000000   Number         0  iusefp.o ABSOLUTE
    ../fplib/microlib/fpadd.c                0x00000000   Number         0  dadd.o ABSOLUTE
    ../fplib/microlib/fpdiv.c                0x00000000   Number         0  ddiv.o ABSOLUTE
    ../fplib/microlib/fpepilogue.c           0x00000000   Number         0  depilogue.o ABSOLUTE
    ../fplib/microlib/fpfix.c                0x00000000   Number         0  dfixul.o ABSOLUTE
    ../fplib/microlib/fpmul.c                0x00000000   Number         0  dmul.o ABSOLUTE
    ..\..\Source\list.c                      0x00000000   Number         0  list.o ABSOLUTE
    ..\..\Source\portable\MemMang\heap_2.c   0x00000000   Number         0  heap_2.o ABSOLUTE
    ..\..\Source\portable\RVDS\ARM_CM3\port.c 0x00000000   Number         0  port.o ABSOLUTE
    ..\..\Source\queue.c                     0x00000000   Number         0  queue.o ABSOLUTE
    ..\..\Source\tasks.c                     0x00000000   Number         0  tasks.o ABSOLUTE
    ..\Common\drivers\ST\STM32F10xFWLib\src\cortexm3_macro_rvds.s 0x00000000   Number         0  cortexm3_macro_rvds.o ABSOLUTE
    ..\\..\\Source\\portable\\RVDS\\ARM_CM3\\port.c 0x00000000   Number         0  port.o ABSOLUTE
    Code\Led.c                               0x00000000   Number         0  led.o ABSOLUTE
    STM32F10x.s                              0x00000000   Number         0  stm32f10x.o ABSOLUTE
    STM32F10xFWLib\src\stm32f10x_gpio.c      0x00000000   Number         0  stm32f10x_gpio.o ABSOLUTE
    STM32F10xFWLib\src\stm32f10x_lib.c       0x00000000   Number         0  stm32f10x_lib.o ABSOLUTE
    STM32F10xFWLib\src\stm32f10x_nvic.c      0x00000000   Number         0  stm32f10x_nvic.o ABSOLUTE
    STM32F10xFWLib\src\stm32f10x_rcc.c       0x00000000   Number         0  stm32f10x_rcc.o ABSOLUTE
    STM32F10xFWLib\src\stm32f10x_spi.c       0x00000000   Number         0  stm32f10x_spi.o ABSOLUTE
    STM32F10xFWLib\src\stm32f10x_systick.c   0x00000000   Number         0  stm32f10x_systick.o ABSOLUTE
    STM32F10xFWLib\src\stm32f10x_tim.c       0x00000000   Number         0  stm32f10x_tim.o ABSOLUTE
    STM32F10xFWLib\src\stm32f10x_usart.c     0x00000000   Number         0  stm32f10x_usart.o ABSOLUTE
    cdrcmple.s                               0x00000000   Number         0  cdrcmple.o ABSOLUTE
    dc.s                                     0x00000000   Number         0  dc.o ABSOLUTE
    handlers.s                               0x00000000   Number         0  handlers.o ABSOLUTE
    init.s                                   0x00000000   Number         0  init.o ABSOLUTE
    main.c                                   0x00000000   Number         0  main.o ABSOLUTE
    serial\serial.c                          0x00000000   Number         0  serial.o ABSOLUTE
    RESET                                    0x08000000   Section      228  stm32f10x.o(RESET)
    .ARM.Collect$$$$00000000                 0x080000e4   Section        0  entry.o(.ARM.Collect$$$$00000000)
    .ARM.Collect$$$$00000001                 0x080000e4   Section        4  entry2.o(.ARM.Collect$$$$00000001)
    .ARM.Collect$$$$00000004                 0x080000e8   Section        4  entry5.o(.ARM.Collect$$$$00000004)
    .ARM.Collect$$$$00000008                 0x080000ec   Section        0  entry7b.o(.ARM.Collect$$$$00000008)
    .ARM.Collect$$$$0000000A                 0x080000ec   Section        0  entry8b.o(.ARM.Collect$$$$0000000A)
    .ARM.Collect$$$$0000000B                 0x080000ec   Section        8  entry9a.o(.ARM.Collect$$$$0000000B)
    .ARM.Collect$$$$0000000E                 0x080000f4   Section        4  entry12b.o(.ARM.Collect$$$$0000000E)
    .ARM.Collect$$$$0000000F                 0x080000f8   Section        0  entry10a.o(.ARM.Collect$$$$0000000F)
    .ARM.Collect$$$$00000011                 0x080000f8   Section        0  entry11a.o(.ARM.Collect$$$$00000011)
    .ARM.Collect$$$$00002712                 0x080000f8   Section        4  entry2.o(.ARM.Collect$$$$00002712)
    __lit__00000000                          0x080000f8   Data           4  entry2.o(.ARM.Collect$$$$00002712)
    .emb_text                                0x080000fc   Section      150  port.o(.emb_text)
    .text                                    0x08000194   Section       28  stm32f10x.o(.text)
    .text                                    0x080001b0   Section      110  cortexm3_macro_rvds.o(.text)
    .text                                    0x08000220   Section        0  stm32f10x_usart.o(.text)
    .text                                    0x080004fc   Section        0  stm32f10x_gpio.o(.text)
    .text                                    0x0800071c   Section        0  stm32f10x_nvic.o(.text)
    .text                                    0x08000a24   Section        0  stm32f10x_rcc.o(.text)
    .text                                    0x08000cf4   Section        0  stm32f10x_systick.o(.text)
    .text                                    0x08000d88   Section        0  serial.o(.text)
    .text                                    0x08000e20   Section        0  main.o(.text)
    prvSetupHardware                         0x08000e4f   Thumb Code   142  main.o(.text)
    .text                                    0x08000f90   Section        0  tasks.o(.text)
    prvInitialiseTaskLists                   0x08000f91   Thumb Code    78  tasks.o(.text)
    prvAddNewTaskToReadyList                 0x08000fdf   Thumb Code   156  tasks.o(.text)
    prvInitialiseNewTask                     0x0800107b   Thumb Code   122  tasks.o(.text)
    prvResetNextTaskUnblockTime              0x08001195   Thumb Code    28  tasks.o(.text)
    prvDeleteTCB                             0x080011b1   Thumb Code    44  tasks.o(.text)
    prvAddCurrentTaskToDelayedList           0x0800148b   Thumb Code   130  tasks.o(.text)
    prvTaskIsTaskSuspended                   0x0800178f   Thumb Code    28  tasks.o(.text)
    prvCheckTasksWaitingTermination          0x080018d5   Thumb Code    54  tasks.o(.text)
    prvIdleTask                              0x0800190b   Thumb Code    32  tasks.o(.text)
    .text                                    0x080020c8   Section        0  list.o(.text)
    .text                                    0x08002154   Section        0  port.o(.text)
    prvTaskExitError                         0x08002155   Thumb Code    16  port.o(.text)
    .text                                    0x0800221c   Section        0  heap_2.o(.text)
    prvHeapInit                              0x0800221d   Thumb Code    30  heap_2.o(.text)
    .text                                    0x08002328   Section        0  led.o(.text)
    .text                                    0x080023a0   Section       36  init.o(.text)
    i.__0printf$bare                         0x080023c4   Section        0  printfb.o(i.__0printf$bare)
    i.__scatterload_copy                     0x080023d4   Section       14  handlers.o(i.__scatterload_copy)
    i.__scatterload_null                     0x080023e2   Section        2  handlers.o(i.__scatterload_null)
    i.__scatterload_zeroinit                 0x080023e4   Section       14  handlers.o(i.__scatterload_zeroinit)
    i._printf_core                           0x080023f2   Section        0  printfb.o(i._printf_core)
    _printf_core                             0x080023f3   Thumb Code    34  printfb.o(i._printf_core)
    .constdata                               0x08002414   Section       20  stm32f10x_rcc.o(.constdata)
    ADCPrescTable                            0x08002414   Data           4  stm32f10x_rcc.o(.constdata)
    APBAHBPrescTable                         0x08002418   Data          16  stm32f10x_rcc.o(.constdata)
    .data                                    0x20000000   Section       64  tasks.o(.data)
    uxDeletedTasksWaitingCleanUp             0x20000004   Data           4  tasks.o(.data)
    uxCurrentNumberOfTasks                   0x20000008   Data           4  tasks.o(.data)
    xTickCount                               0x2000000c   Data           4  tasks.o(.data)
    uxTopReadyPriority                       0x20000010   Data           4  tasks.o(.data)
    xSchedulerRunning                        0x20000014   Data           4  tasks.o(.data)
    xPendedTicks                             0x20000018   Data           4  tasks.o(.data)
    xYieldPending                            0x2000001c   Data           4  tasks.o(.data)
    xNumOfOverflows                          0x20000020   Data           4  tasks.o(.data)
    uxTaskNumber                             0x20000024   Data           4  tasks.o(.data)
    xNextTaskUnblockTime                     0x20000028   Data           4  tasks.o(.data)
    xIdleTaskHandle                          0x2000002c   Data           4  tasks.o(.data)
    uxSchedulerSuspended                     0x20000034   Data           4  tasks.o(.data)
    pxDelayedTaskList                        0x20000038   Data           4  tasks.o(.data)
    pxOverflowDelayedTaskList                0x2000003c   Data           4  tasks.o(.data)
    .data                                    0x20000040   Section        4  port.o(.data)
    uxCriticalNesting                        0x20000040   Data           4  port.o(.data)
    .data                                    0x20000044   Section       24  heap_2.o(.data)
    xFreeBytesRemaining                      0x20000044   Data           4  heap_2.o(.data)
    xHeapHasBeenInitialised                  0x20000048   Data           4  heap_2.o(.data)
    xStart                                   0x2000004c   Data           8  heap_2.o(.data)
    xEnd                                     0x20000054   Data           8  heap_2.o(.data)
    .data                                    0x2000005c   Section        4  stdout.o(.data)
    .bss                                     0x20000060   Section      952  main.o(.bss)
    .bss                                     0x20000418   Section      200  tasks.o(.bss)
    pxReadyTasksLists                        0x20000418   Data         100  tasks.o(.bss)
    xDelayedTaskList1                        0x2000047c   Data          20  tasks.o(.bss)
    xDelayedTaskList2                        0x20000490   Data          20  tasks.o(.bss)
    xPendingReadyList                        0x200004a4   Data          20  tasks.o(.bss)
    xTasksWaitingTermination                 0x200004b8   Data          20  tasks.o(.bss)
    xSuspendedTaskList                       0x200004cc   Data          20  tasks.o(.bss)
    .bss                                     0x200004e0   Section    17408  heap_2.o(.bss)
    ucHeap                                   0x200004e0   Data       17408  heap_2.o(.bss)
    STACK                                    0x200048e0   Section      512  stm32f10x.o(STACK)

    Global Symbols

    Symbol Name                              Value     Ov Type        Size  Object(Section)

    BuildAttributes$$THM_ISAv4$P$D$K$B$S$PE$A:L22UL41UL21$X:L11$S22US41US21$IEEE1$IW$USESV6$~STKCKD$USESV7$~SHL$OSPACE$ROPI$EBA8$MICROLIB$REQ8$PRES8$EABIv2 0x00000000   Number         0  anon$$obj.o ABSOLUTE
    __ARM_use_no_argv                        0x00000000   Number         0  main.o ABSOLUTE
    __arm_fini_                               - Undefined Weak Reference
    __cpp_initialize__aeabi_                  - Undefined Weak Reference
    __cxa_finalize                            - Undefined Weak Reference
    __decompress                              - Undefined Weak Reference
    _clock_init                               - Undefined Weak Reference
    _microlib_exit                            - Undefined Weak Reference
    __Vectors                                0x08000000   Data           4  stm32f10x.o(RESET)
    __main                                   0x080000e5   Thumb Code     0  entry.o(.ARM.Collect$$$$00000000)
    _main_stk                                0x080000e5   Thumb Code     0  entry2.o(.ARM.Collect$$$$00000001)
    _main_scatterload                        0x080000e9   Thumb Code     0  entry5.o(.ARM.Collect$$$$00000004)
    __main_after_scatterload                 0x080000ed   Thumb Code     0  entry5.o(.ARM.Collect$$$$00000004)
    _main_clock                              0x080000ed   Thumb Code     0  entry7b.o(.ARM.Collect$$$$00000008)
    _main_cpp_init                           0x080000ed   Thumb Code     0  entry8b.o(.ARM.Collect$$$$0000000A)
    _main_init                               0x080000ed   Thumb Code     0  entry9a.o(.ARM.Collect$$$$0000000B)
    __rt_lib_shutdown_fini                   0x080000f5   Thumb Code     0  entry12b.o(.ARM.Collect$$$$0000000E)
    __rt_final_cpp                           0x080000f9   Thumb Code     0  entry10a.o(.ARM.Collect$$$$0000000F)
    __rt_final_exit                          0x080000f9   Thumb Code     0  entry11a.o(.ARM.Collect$$$$00000011)
    vPortSVCHandler                          0x080000fd   Thumb Code    32  port.o(.emb_text)
    __asm___6_port_c_39a90d8d__prvStartFirstTask 0x08000121   Thumb Code    28  port.o(.emb_text)
    xPortPendSVHandler                       0x08000141   Thumb Code    72  port.o(.emb_text)
    vPortGetIPSR                             0x0800018d   Thumb Code     6  port.o(.emb_text)
    Reset_Handler                            0x08000195   Thumb Code     4  stm32f10x.o(.text)
    NMI_Handler                              0x08000199   Thumb Code     2  stm32f10x.o(.text)
    HardFault_Handler                        0x0800019b   Thumb Code     2  stm32f10x.o(.text)
    MemManage_Handler                        0x0800019d   Thumb Code     2  stm32f10x.o(.text)
    BusFault_Handler                         0x0800019f   Thumb Code     2  stm32f10x.o(.text)
    UsageFault_Handler                       0x080001a1   Thumb Code     2  stm32f10x.o(.text)
    SVC_Handler                              0x080001a3   Thumb Code     2  stm32f10x.o(.text)
    DebugMon_Handler                         0x080001a5   Thumb Code     2  stm32f10x.o(.text)
    PendSV_Handler                           0x080001a7   Thumb Code     2  stm32f10x.o(.text)
    SysTick_Handler                          0x080001a9   Thumb Code     2  stm32f10x.o(.text)
    ADC_IRQHandler                           0x080001ab   Thumb Code     0  stm32f10x.o(.text)
    CAN_RX1_IRQHandler                       0x080001ab   Thumb Code     0  stm32f10x.o(.text)
    CAN_SCE_IRQHandler                       0x080001ab   Thumb Code     0  stm32f10x.o(.text)
    DMAChannel1_IRQHandler                   0x080001ab   Thumb Code     0  stm32f10x.o(.text)
    DMAChannel2_IRQHandler                   0x080001ab   Thumb Code     0  stm32f10x.o(.text)
    DMAChannel3_IRQHandler                   0x080001ab   Thumb Code     0  stm32f10x.o(.text)
    DMAChannel4_IRQHandler                   0x080001ab   Thumb Code     0  stm32f10x.o(.text)
    DMAChannel5_IRQHandler                   0x080001ab   Thumb Code     0  stm32f10x.o(.text)
    DMAChannel6_IRQHandler                   0x080001ab   Thumb Code     0  stm32f10x.o(.text)
    DMAChannel7_IRQHandler                   0x080001ab   Thumb Code     0  stm32f10x.o(.text)
    EXTI0_IRQHandler                         0x080001ab   Thumb Code     0  stm32f10x.o(.text)
    EXTI15_10_IRQHandler                     0x080001ab   Thumb Code     0  stm32f10x.o(.text)
    EXTI1_IRQHandler                         0x080001ab   Thumb Code     0  stm32f10x.o(.text)
    EXTI2_IRQHandler                         0x080001ab   Thumb Code     0  stm32f10x.o(.text)
    EXTI3_IRQHandler                         0x080001ab   Thumb Code     0  stm32f10x.o(.text)
    EXTI4_IRQHandler                         0x080001ab   Thumb Code     0  stm32f10x.o(.text)
    EXTI9_5_IRQHandler                       0x080001ab   Thumb Code     0  stm32f10x.o(.text)
    FLASH_IRQHandler                         0x080001ab   Thumb Code     0  stm32f10x.o(.text)
    I2C1_ER_IRQHandler                       0x080001ab   Thumb Code     0  stm32f10x.o(.text)
    I2C1_EV_IRQHandler                       0x080001ab   Thumb Code     0  stm32f10x.o(.text)
    I2C2_ER_IRQHandler                       0x080001ab   Thumb Code     0  stm32f10x.o(.text)
    I2C2_EV_IRQHandler                       0x080001ab   Thumb Code     0  stm32f10x.o(.text)
    PVD_IRQHandler                           0x080001ab   Thumb Code     0  stm32f10x.o(.text)
    RCC_IRQHandler                           0x080001ab   Thumb Code     0  stm32f10x.o(.text)
    RTCAlarm_IRQHandler                      0x080001ab   Thumb Code     0  stm32f10x.o(.text)
    RTC_IRQHandler                           0x080001ab   Thumb Code     0  stm32f10x.o(.text)
    SPI1_IRQHandler                          0x080001ab   Thumb Code     0  stm32f10x.o(.text)
    SPI2_IRQHandler                          0x080001ab   Thumb Code     0  stm32f10x.o(.text)
    TAMPER_IRQHandler                        0x080001ab   Thumb Code     0  stm32f10x.o(.text)
    TIM1_BRK_IRQHandler                      0x080001ab   Thumb Code     0  stm32f10x.o(.text)
    TIM1_CC_IRQHandler                       0x080001ab   Thumb Code     0  stm32f10x.o(.text)
    TIM1_TRG_COM_IRQHandler                  0x080001ab   Thumb Code     0  stm32f10x.o(.text)
    TIM1_UP_IRQHandler                       0x080001ab   Thumb Code     0  stm32f10x.o(.text)
    TIM2_IRQHandler                          0x080001ab   Thumb Code     0  stm32f10x.o(.text)
    TIM3_IRQHandler                          0x080001ab   Thumb Code     0  stm32f10x.o(.text)
    TIM4_IRQHandler                          0x080001ab   Thumb Code     0  stm32f10x.o(.text)
    USART1_IRQHandler                        0x080001ab   Thumb Code     0  stm32f10x.o(.text)
    USART2_IRQHandler                        0x080001ab   Thumb Code     0  stm32f10x.o(.text)
    USART3_IRQHandler                        0x080001ab   Thumb Code     0  stm32f10x.o(.text)
    USBWakeUp_IRQHandler                     0x080001ab   Thumb Code     0  stm32f10x.o(.text)
    USB_HP_CAN_TX_IRQHandler                 0x080001ab   Thumb Code     0  stm32f10x.o(.text)
    USB_LP_CAN_RX0_IRQHandler                0x080001ab   Thumb Code     0  stm32f10x.o(.text)
    WWDG_IRQHandler                          0x080001ab   Thumb Code     0  stm32f10x.o(.text)
    __WFI                                    0x080001b1   Thumb Code     0  cortexm3_macro_rvds.o(.text)
    __WFE                                    0x080001b5   Thumb Code     0  cortexm3_macro_rvds.o(.text)
    __SEV                                    0x080001b9   Thumb Code     0  cortexm3_macro_rvds.o(.text)
    __ISB                                    0x080001bd   Thumb Code     0  cortexm3_macro_rvds.o(.text)
    __DSB                                    0x080001c3   Thumb Code     0  cortexm3_macro_rvds.o(.text)
    __DMB                                    0x080001c9   Thumb Code     0  cortexm3_macro_rvds.o(.text)
    __SVC                                    0x080001cf   Thumb Code     0  cortexm3_macro_rvds.o(.text)
    __MRS_CONTROL                            0x080001d3   Thumb Code     0  cortexm3_macro_rvds.o(.text)
    __MSR_CONTROL                            0x080001d9   Thumb Code     0  cortexm3_macro_rvds.o(.text)
    __MRS_PSP                                0x080001e3   Thumb Code     0  cortexm3_macro_rvds.o(.text)
    __MSR_PSP                                0x080001e9   Thumb Code     0  cortexm3_macro_rvds.o(.text)
    __MRS_MSP                                0x080001ef   Thumb Code     0  cortexm3_macro_rvds.o(.text)
    __MSR_MSP                                0x080001f5   Thumb Code     0  cortexm3_macro_rvds.o(.text)
    __SETPRIMASK                             0x080001fb   Thumb Code     0  cortexm3_macro_rvds.o(.text)
    __RESETPRIMASK                           0x080001ff   Thumb Code     0  cortexm3_macro_rvds.o(.text)
    __SETFAULTMASK                           0x08000203   Thumb Code     0  cortexm3_macro_rvds.o(.text)
    __RESETFAULTMASK                         0x08000207   Thumb Code     0  cortexm3_macro_rvds.o(.text)
    __BASEPRICONFIG                          0x0800020b   Thumb Code     0  cortexm3_macro_rvds.o(.text)
    __GetBASEPRI                             0x08000211   Thumb Code     0  cortexm3_macro_rvds.o(.text)
    __REV_HalfWord                           0x08000217   Thumb Code     0  cortexm3_macro_rvds.o(.text)
    __REV_Word                               0x0800021b   Thumb Code     0  cortexm3_macro_rvds.o(.text)
    USART_DeInit                             0x08000221   Thumb Code    88  stm32f10x_usart.o(.text)
    USART_Init                               0x08000279   Thumb Code   150  stm32f10x_usart.o(.text)
    USART_StructInit                         0x0800030f   Thumb Code    30  stm32f10x_usart.o(.text)
    USART_Cmd                                0x0800032d   Thumb Code    24  stm32f10x_usart.o(.text)
    USART_ITConfig                           0x08000345   Thumb Code    50  stm32f10x_usart.o(.text)
    USART_DMACmd                             0x08000377   Thumb Code    20  stm32f10x_usart.o(.text)
    USART_SetAddress                         0x0800038b   Thumb Code    16  stm32f10x_usart.o(.text)
    USART_WakeUpConfig                       0x0800039b   Thumb Code    16  stm32f10x_usart.o(.text)
    USART_ReceiverWakeUpCmd                  0x080003ab   Thumb Code    24  stm32f10x_usart.o(.text)
    USART_LINBreakDetectLengthConfig         0x080003c3   Thumb Code    16  stm32f10x_usart.o(.text)
    USART_LINCmd                             0x080003d3   Thumb Code    24  stm32f10x_usart.o(.text)
    USART_SendData                           0x080003eb   Thumb Code     8  stm32f10x_usart.o(.text)
    USART_ReceiveData                        0x080003f3   Thumb Code     8  stm32f10x_usart.o(.text)
    USART_SendBreak                          0x080003fb   Thumb Code    10  stm32f10x_usart.o(.text)
    USART_SetGuardTime                       0x08000405   Thumb Code    16  stm32f10x_usart.o(.text)
    USART_SetPrescaler                       0x08000415   Thumb Code    16  stm32f10x_usart.o(.text)
    USART_SmartCardCmd                       0x08000425   Thumb Code    24  stm32f10x_usart.o(.text)
    USART_SmartCardNACKCmd                   0x0800043d   Thumb Code    24  stm32f10x_usart.o(.text)
    USART_HalfDuplexCmd                      0x08000455   Thumb Code    24  stm32f10x_usart.o(.text)
    USART_IrDAConfig                         0x0800046d   Thumb Code    16  stm32f10x_usart.o(.text)
    USART_IrDACmd                            0x0800047d   Thumb Code    24  stm32f10x_usart.o(.text)
    USART_GetFlagStatus                      0x08000495   Thumb Code    14  stm32f10x_usart.o(.text)
    USART_ClearFlag                          0x080004a3   Thumb Code     8  stm32f10x_usart.o(.text)
    USART_GetITStatus                        0x080004ab   Thumb Code    60  stm32f10x_usart.o(.text)
    USART_ClearITPendingBit                  0x080004e7   Thumb Code    14  stm32f10x_usart.o(.text)
    GPIO_DeInit                              0x080004fd   Thumb Code   136  stm32f10x_gpio.o(.text)
    GPIO_AFIODeInit                          0x08000585   Thumb Code    22  stm32f10x_gpio.o(.text)
    GPIO_Init                                0x0800059b   Thumb Code   164  stm32f10x_gpio.o(.text)
    GPIO_StructInit                          0x0800063f   Thumb Code    16  stm32f10x_gpio.o(.text)
    GPIO_ReadInputDataBit                    0x0800064f   Thumb Code    14  stm32f10x_gpio.o(.text)
    GPIO_ReadInputData                       0x0800065d   Thumb Code     6  stm32f10x_gpio.o(.text)
    GPIO_ReadOutputDataBit                   0x08000663   Thumb Code    14  stm32f10x_gpio.o(.text)
    GPIO_ReadOutputData                      0x08000671   Thumb Code     6  stm32f10x_gpio.o(.text)
    GPIO_WriteBit                            0x08000677   Thumb Code    12  stm32f10x_gpio.o(.text)
    GPIO_Write                               0x08000683   Thumb Code     4  stm32f10x_gpio.o(.text)
    GPIO_PinLockConfig                       0x08000687   Thumb Code    16  stm32f10x_gpio.o(.text)
    GPIO_EventOutputConfig                   0x08000697   Thumb Code    22  stm32f10x_gpio.o(.text)
    GPIO_EventOutputCmd                      0x080006ad   Thumb Code     6  stm32f10x_gpio.o(.text)
    GPIO_PinRemapConfig                      0x080006b3   Thumb Code    54  stm32f10x_gpio.o(.text)
    GPIO_EXTILineConfig                      0x080006e9   Thumb Code    34  stm32f10x_gpio.o(.text)
    NVIC_DeInit                              0x0800071d   Thumb Code    40  stm32f10x_nvic.o(.text)
    NVIC_SCBDeInit                           0x08000745   Thumb Code    72  stm32f10x_nvic.o(.text)
    NVIC_PriorityGroupConfig                 0x0800078d   Thumb Code    12  stm32f10x_nvic.o(.text)
    NVIC_Init                                0x08000799   Thumb Code   122  stm32f10x_nvic.o(.text)
    NVIC_StructInit                          0x08000813   Thumb Code    12  stm32f10x_nvic.o(.text)
    NVIC_SETPRIMASK                          0x0800081f   Thumb Code     4  stm32f10x_nvic.o(.text)
    NVIC_RESETPRIMASK                        0x08000823   Thumb Code     4  stm32f10x_nvic.o(.text)
    NVIC_SETFAULTMASK                        0x08000827   Thumb Code     4  stm32f10x_nvic.o(.text)
    NVIC_RESETFAULTMASK                      0x0800082b   Thumb Code     4  stm32f10x_nvic.o(.text)
    NVIC_BASEPRICONFIG                       0x0800082f   Thumb Code     6  stm32f10x_nvic.o(.text)
    NVIC_GetBASEPRI                          0x08000835   Thumb Code     4  stm32f10x_nvic.o(.text)
    NVIC_GetCurrentPendingIRQChannel         0x08000839   Thumb Code    10  stm32f10x_nvic.o(.text)
    NVIC_GetIRQChannelPendingBitStatus       0x08000843   Thumb Code    32  stm32f10x_nvic.o(.text)
    NVIC_SetIRQChannelPendingBit             0x08000863   Thumb Code     6  stm32f10x_nvic.o(.text)
    NVIC_ClearIRQChannelPendingBit           0x08000869   Thumb Code    22  stm32f10x_nvic.o(.text)
    NVIC_GetCurrentActiveHandler             0x0800087f   Thumb Code    10  stm32f10x_nvic.o(.text)
    NVIC_GetIRQChannelActiveBitStatus        0x08000889   Thumb Code    32  stm32f10x_nvic.o(.text)
    NVIC_GetCPUID                            0x080008a9   Thumb Code     8  stm32f10x_nvic.o(.text)
    NVIC_SetVectorTable                      0x080008b1   Thumb Code    22  stm32f10x_nvic.o(.text)
    NVIC_GenerateSystemReset                 0x080008c7   Thumb Code    12  stm32f10x_nvic.o(.text)
    NVIC_GenerateCoreReset                   0x080008d3   Thumb Code    12  stm32f10x_nvic.o(.text)
    NVIC_SystemLPConfig                      0x080008df   Thumb Code    24  stm32f10x_nvic.o(.text)
    NVIC_SystemHandlerConfig                 0x080008f7   Thumb Code    32  stm32f10x_nvic.o(.text)
    NVIC_SystemHandlerPriorityConfig         0x08000917   Thumb Code    76  stm32f10x_nvic.o(.text)
    NVIC_GetSystemHandlerPendingBitStatus    0x08000963   Thumb Code    30  stm32f10x_nvic.o(.text)
    NVIC_SetSystemHandlerPendingBit          0x08000981   Thumb Code    18  stm32f10x_nvic.o(.text)
    NVIC_ClearSystemHandlerPendingBit        0x08000993   Thumb Code    20  stm32f10x_nvic.o(.text)
    NVIC_GetSystemHandlerActiveBitStatus     0x080009a7   Thumb Code    28  stm32f10x_nvic.o(.text)
    NVIC_GetFaultHandlerSources              0x080009c3   Thumb Code    56  stm32f10x_nvic.o(.text)
    NVIC_GetFaultAddress                     0x080009fb   Thumb Code    24  stm32f10x_nvic.o(.text)
    RCC_DeInit                               0x08000a25   Thumb Code    60  stm32f10x_rcc.o(.text)
    RCC_HSEConfig                            0x08000a61   Thumb Code    50  stm32f10x_rcc.o(.text)
    RCC_AdjustHSICalibrationValue            0x08000a93   Thumb Code    16  stm32f10x_rcc.o(.text)
    RCC_HSICmd                               0x08000aa3   Thumb Code     6  stm32f10x_rcc.o(.text)
    RCC_PLLConfig                            0x08000aa9   Thumb Code    16  stm32f10x_rcc.o(.text)
    RCC_PLLCmd                               0x08000ab9   Thumb Code     6  stm32f10x_rcc.o(.text)
    RCC_SYSCLKConfig                         0x08000abf   Thumb Code    14  stm32f10x_rcc.o(.text)
    RCC_GetSYSCLKSource                      0x08000acd   Thumb Code    10  stm32f10x_rcc.o(.text)
    RCC_HCLKConfig                           0x08000ad7   Thumb Code    14  stm32f10x_rcc.o(.text)
    RCC_PCLK1Config                          0x08000ae5   Thumb Code    14  stm32f10x_rcc.o(.text)
    RCC_PCLK2Config                          0x08000af3   Thumb Code    16  stm32f10x_rcc.o(.text)
    RCC_ITConfig                             0x08000b03   Thumb Code    22  stm32f10x_rcc.o(.text)
    RCC_USBCLKConfig                         0x08000b19   Thumb Code     8  stm32f10x_rcc.o(.text)
    RCC_ADCCLKConfig                         0x08000b21   Thumb Code    14  stm32f10x_rcc.o(.text)
    RCC_LSEConfig                            0x08000b2f   Thumb Code    36  stm32f10x_rcc.o(.text)
    RCC_LSICmd                               0x08000b53   Thumb Code     6  stm32f10x_rcc.o(.text)
    RCC_RTCCLKConfig                         0x08000b59   Thumb Code    10  stm32f10x_rcc.o(.text)
    RCC_RTCCLKCmd                            0x08000b63   Thumb Code     8  stm32f10x_rcc.o(.text)
    RCC_GetClocksFreq                        0x08000b6b   Thumb Code   154  stm32f10x_rcc.o(.text)
    RCC_AHBPeriphClockCmd                    0x08000c05   Thumb Code    22  stm32f10x_rcc.o(.text)
    RCC_APB2PeriphClockCmd                   0x08000c1b   Thumb Code    22  stm32f10x_rcc.o(.text)
    RCC_APB1PeriphClockCmd                   0x08000c31   Thumb Code    22  stm32f10x_rcc.o(.text)
    RCC_APB2PeriphResetCmd                   0x08000c47   Thumb Code    22  stm32f10x_rcc.o(.text)
    RCC_APB1PeriphResetCmd                   0x08000c5d   Thumb Code    22  stm32f10x_rcc.o(.text)
    RCC_BackupResetCmd                       0x08000c73   Thumb Code     8  stm32f10x_rcc.o(.text)
    RCC_ClockSecuritySystemCmd               0x08000c7b   Thumb Code     6  stm32f10x_rcc.o(.text)
    RCC_MCOConfig                            0x08000c81   Thumb Code     6  stm32f10x_rcc.o(.text)
    RCC_GetFlagStatus                        0x08000c87   Thumb Code    42  stm32f10x_rcc.o(.text)
    RCC_ClearFlag                            0x08000cb1   Thumb Code    12  stm32f10x_rcc.o(.text)
    RCC_GetITStatus                          0x08000cbd   Thumb Code    16  stm32f10x_rcc.o(.text)
    RCC_ClearITPendingBit                    0x08000ccd   Thumb Code     6  stm32f10x_rcc.o(.text)
    SysTick_CLKSourceConfig                  0x08000cf5   Thumb Code    28  stm32f10x_systick.o(.text)
    SysTick_SetReload                        0x08000d11   Thumb Code     8  stm32f10x_systick.o(.text)
    SysTick_CounterCmd                       0x08000d19   Thumb Code    38  stm32f10x_systick.o(.text)
    SysTick_ITConfig                         0x08000d3f   Thumb Code    28  stm32f10x_systick.o(.text)
    SysTick_GetCounter                       0x08000d5b   Thumb Code     8  stm32f10x_systick.o(.text)
    SysTick_GetFlagStatus                    0x08000d63   Thumb Code    36  stm32f10x_systick.o(.text)
    SerialPortInit                           0x08000d89   Thumb Code   132  serial.o(.text)
    fputc                                    0x08000e0d   Thumb Code    12  serial.o(.text)
    Task1Function                            0x08000e21   Thumb Code     8  main.o(.text)
    Task2Function                            0x08000e29   Thumb Code     8  main.o(.text)
    Task3Function                            0x08000e31   Thumb Code     8  main.o(.text)
    Task4Function                            0x08000e39   Thumb Code     6  main.o(.text)
    vApplicationGetIdleTaskMemory            0x08000e3f   Thumb Code    16  main.o(.text)
    main                                     0x08000edd   Thumb Code   108  main.o(.text)
    xTaskCreateStatic                        0x080010f5   Thumb Code    60  tasks.o(.text)
    xTaskCreate                              0x08001131   Thumb Code   100  tasks.o(.text)
    vTaskDelete                              0x080011dd   Thumb Code   138  tasks.o(.text)
    xTaskIncrementTick                       0x08001267   Thumb Code   286  tasks.o(.text)
    xTaskResumeAll                           0x08001385   Thumb Code   262  tasks.o(.text)
    vTaskSuspendAll                          0x0800150d   Thumb Code    10  tasks.o(.text)
    xTaskDelayUntil                          0x08001517   Thumb Code    84  tasks.o(.text)
    vTaskDelay                               0x0800156b   Thumb Code    48  tasks.o(.text)
    uxTaskPriorityGet                        0x0800159b   Thumb Code    24  tasks.o(.text)
    uxTaskPriorityGetFromISR                 0x080015b3   Thumb Code    34  tasks.o(.text)
    vTaskPrioritySet                         0x080015d5   Thumb Code   198  tasks.o(.text)
    vTaskSwitchContext                       0x0800169b   Thumb Code    66  tasks.o(.text)
    vTaskSuspend                             0x080016dd   Thumb Code   178  tasks.o(.text)
    vTaskResume                              0x080017ab   Thumb Code   138  tasks.o(.text)
    xTaskResumeFromISR                       0x08001835   Thumb Code   160  tasks.o(.text)
    vTaskStartScheduler                      0x0800192b   Thumb Code    94  tasks.o(.text)
    vTaskEndScheduler                        0x08001989   Thumb Code    24  tasks.o(.text)
    xTaskGetTickCount                        0x080019a1   Thumb Code     6  tasks.o(.text)
    xTaskGetTickCountFromISR                 0x080019a7   Thumb Code     6  tasks.o(.text)
    uxTaskGetNumberOfTasks                   0x080019ad   Thumb Code     6  tasks.o(.text)
    pcTaskGetName                            0x080019b3   Thumb Code    12  tasks.o(.text)
    xTaskCatchUpTicks                        0x080019bf   Thumb Code    22  tasks.o(.text)
    vTaskPlaceOnEventList                    0x080019d5   Thumb Code    24  tasks.o(.text)
    vTaskPlaceOnUnorderedEventList           0x080019ed   Thumb Code    58  tasks.o(.text)
    xTaskRemoveFromEventList                 0x08001a27   Thumb Code   194  tasks.o(.text)
    vTaskRemoveFromUnorderedEventList        0x08001ae9   Thumb Code   180  tasks.o(.text)
    vTaskSetTimeOutState                     0x08001b9d   Thumb Code    26  tasks.o(.text)
    vTaskInternalSetTimeOutState             0x08001bb7   Thumb Code    12  tasks.o(.text)
    xTaskCheckForTimeOut                     0x08001bc3   Thumb Code    82  tasks.o(.text)
    vTaskMissedYield                         0x08001c15   Thumb Code     8  tasks.o(.text)
    uxTaskResetEventItemValue                0x08001c1d   Thumb Code    20  tasks.o(.text)
    ulTaskGenericNotifyTake                  0x08001c31   Thumb Code   120  tasks.o(.text)
    xTaskGenericNotifyWait                   0x08001ca9   Thumb Code   158  tasks.o(.text)
    xTaskGenericNotify                       0x08001d47   Thumb Code   234  tasks.o(.text)
    xTaskGenericNotifyFromISR                0x08001e31   Thumb Code   326  tasks.o(.text)
    vTaskGenericNotifyGiveFromISR            0x08001f77   Thumb Code   236  tasks.o(.text)
    xTaskGenericNotifyStateClear             0x08002063   Thumb Code    50  tasks.o(.text)
    ulTaskGenericNotifyValueClear            0x08002095   Thumb Code    42  tasks.o(.text)
    vListInitialise                          0x080020c9   Thumb Code    22  list.o(.text)
    vListInitialiseItem                      0x080020df   Thumb Code     6  list.o(.text)
    vListInsertEnd                           0x080020e5   Thumb Code    24  list.o(.text)
    vListInsert                              0x080020fd   Thumb Code    48  list.o(.text)
    uxListRemove                             0x0800212d   Thumb Code    38  list.o(.text)
    pxPortInitialiseStack                    0x08002165   Thumb Code    24  port.o(.text)
    vPortSetupTimerInterrupt                 0x0800217d   Thumb Code    20  port.o(.text)
    xPortStartScheduler                      0x08002191   Thumb Code    38  port.o(.text)
    vPortEndScheduler                        0x080021b7   Thumb Code     2  port.o(.text)
    vPortEnterCritical                       0x080021b9   Thumb Code    24  port.o(.text)
    vPortExitCritical                        0x080021d1   Thumb Code    18  port.o(.text)
    xPortSysTickHandler                      0x080021e3   Thumb Code    40  port.o(.text)
    pvPortMalloc                             0x0800223b   Thumb Code   160  heap_2.o(.text)
    vPortFree                                0x080022db   Thumb Code    58  heap_2.o(.text)
    xPortGetFreeHeapSize                     0x08002315   Thumb Code     8  heap_2.o(.text)
    vPortInitialiseBlocks                    0x0800231d   Thumb Code     2  heap_2.o(.text)
    LED_Init                                 0x08002329   Thumb Code    50  led.o(.text)
    delay                                    0x0800235b   Thumb Code    24  led.o(.text)
    LED_Turn                                 0x08002373   Thumb Code    42  led.o(.text)
    __scatterload                            0x080023a1   Thumb Code    28  init.o(.text)
    __scatterload_rt2                        0x080023a1   Thumb Code     0  init.o(.text)
    __0printf$bare                           0x080023c5   Thumb Code     8  printfb.o(i.__0printf$bare)
    __1printf$bare                           0x080023c5   Thumb Code     0  printfb.o(i.__0printf$bare)
    __2printf                                0x080023c5   Thumb Code     0  printfb.o(i.__0printf$bare)
    __scatterload_copy                       0x080023d5   Thumb Code    14  handlers.o(i.__scatterload_copy)
    __scatterload_null                       0x080023e3   Thumb Code     2  handlers.o(i.__scatterload_null)
    __scatterload_zeroinit                   0x080023e5   Thumb Code    14  handlers.o(i.__scatterload_zeroinit)
    Region$$Table$$Base                      0x08002428   Number         0  anon$$obj.o(Region$$Table)
    Region$$Table$$Limit                     0x08002448   Number         0  anon$$obj.o(Region$$Table)
    pxCurrentTCB                             0x20000000   Data           4  tasks.o(.data)
    uxTopUsedPriority                        0x20000030   Data           4  tasks.o(.data)
    __stdout                                 0x2000005c   Data           4  stdout.o(.data)
    xTask3Stack                              0x20000060   Data         400  main.o(.bss)
    xTask3TCB                                0x200001f0   Data          76  main.o(.bss)
    xIdleTaskStack                           0x2000023c   Data         400  main.o(.bss)
    xIdleTaskTCB                             0x200003cc   Data          76  main.o(.bss)
    __initial_sp                             0x20004ae0   Data           0  stm32f10x.o(STACK)



==============================================================================

Memory Map of the image

  Image Entry point : 0x080000e5

  Load Region LR_IROM1 (Base: 0x08000000, Size: 0x000024a8, Max: 0x00010000, ABSOLUTE)

    Execution Region ER_IROM1 (Exec base: 0x08000000, Load base: 0x08000000, Size: 0x00002448, Max: 0x00010000, ABSOLUTE)

    Exec Addr    Load Addr    Size         Type   Attr      Idx    E Section Name        Object

    0x08000000   0x08000000   0x000000e4   Data   RO            3    RESET               stm32f10x.o
    0x080000e4   0x080000e4   0x00000000   Code   RO          384  * .ARM.Collect$$$$00000000  mc_w.l(entry.o)
    0x080000e4   0x080000e4   0x00000004   Code   RO          651    .ARM.Collect$$$$00000001  mc_w.l(entry2.o)
    0x080000e8   0x080000e8   0x00000004   Code   RO          654    .ARM.Collect$$$$00000004  mc_w.l(entry5.o)
    0x080000ec   0x080000ec   0x00000000   Code   RO          656    .ARM.Collect$$$$00000008  mc_w.l(entry7b.o)
    0x080000ec   0x080000ec   0x00000000   Code   RO          658    .ARM.Collect$$$$0000000A  mc_w.l(entry8b.o)
    0x080000ec   0x080000ec   0x00000008   Code   RO          659    .ARM.Collect$$$$0000000B  mc_w.l(entry9a.o)
    0x080000f4   0x080000f4   0x00000004   Code   RO          666    .ARM.Collect$$$$0000000E  mc_w.l(entry12b.o)
    0x080000f8   0x080000f8   0x00000000   Code   RO          661    .ARM.Collect$$$$0000000F  mc_w.l(entry10a.o)
    0x080000f8   0x080000f8   0x00000000   Code   RO          663    .ARM.Collect$$$$00000011  mc_w.l(entry11a.o)
    0x080000f8   0x080000f8   0x00000004   Code   RO          652    .ARM.Collect$$$$00002712  mc_w.l(entry2.o)
    0x080000fc   0x080000fc   0x00000096   Code   RO          318    .emb_text           port.o
    0x08000192   0x08000192   0x00000002   PAD
    0x08000194   0x08000194   0x0000001c   Code   RO            4    .text               stm32f10x.o
    0x080001b0   0x080001b0   0x0000006e   Code   RO           10    .text               cortexm3_macro_rvds.o
    0x0800021e   0x0800021e   0x00000002   PAD
    0x08000220   0x08000220   0x000002dc   Code   RO           13    .text               stm32f10x_usart.o
    0x080004fc   0x080004fc   0x00000220   Code   RO           44    .text               stm32f10x_gpio.o
    0x0800071c   0x0800071c   0x00000308   Code   RO           83    .text               stm32f10x_nvic.o
    0x08000a24   0x08000a24   0x000002d0   Code   RO           95    .text               stm32f10x_rcc.o
    0x08000cf4   0x08000cf4   0x00000092   Code   RO          121    .text               stm32f10x_systick.o
    0x08000d86   0x08000d86   0x00000002   PAD
    0x08000d88   0x08000d88   0x00000098   Code   RO          150    .text               serial.o
    0x08000e20   0x08000e20   0x00000170   Code   RO          208    .text               main.o
    0x08000f90   0x08000f90   0x00001138   Code   RO          230    .text               tasks.o
    0x080020c8   0x080020c8   0x0000008a   Code   RO          276    .text               list.o
    0x08002152   0x08002152   0x00000002   PAD
    0x08002154   0x08002154   0x000000c8   Code   RO          319    .text               port.o
    0x0800221c   0x0800221c   0x0000010c   Code   RO          354    .text               heap_2.o
    0x08002328   0x08002328   0x00000078   Code   RO          369    .text               led.o
    0x080023a0   0x080023a0   0x00000024   Code   RO          683    .text               mc_w.l(init.o)
    0x080023c4   0x080023c4   0x00000010   Code   RO          392    i.__0printf$bare    mc_w.l(printfb.o)
    0x080023d4   0x080023d4   0x0000000e   Code   RO          695    i.__scatterload_copy  mc_w.l(handlers.o)
    0x080023e2   0x080023e2   0x00000002   Code   RO          696    i.__scatterload_null  mc_w.l(handlers.o)
    0x080023e4   0x080023e4   0x0000000e   Code   RO          697    i.__scatterload_zeroinit  mc_w.l(handlers.o)
    0x080023f2   0x080023f2   0x00000022   Code   RO          399    i._printf_core      mc_w.l(printfb.o)
    0x08002414   0x08002414   0x00000014   Data   RO           96    .constdata          stm32f10x_rcc.o
    0x08002428   0x08002428   0x00000020   Data   RO          693    Region$$Table       anon$$obj.o


    Execution Region RW_IRAM1 (Exec base: 0x20000000, Load base: 0x08002448, Size: 0x00004ae0, Max: 0x00005000, ABSOLUTE)

    Exec Addr    Load Addr    Size         Type   Attr      Idx    E Section Name        Object

    0x20000000   0x08002448   0x00000040   Data   RW          232    .data               tasks.o
    0x20000040   0x08002488   0x00000004   Data   RW          320    .data               port.o
    0x20000044   0x0800248c   0x00000018   Data   RW          356    .data               heap_2.o
    0x2000005c   0x080024a4   0x00000004   Data   RW          667    .data               mc_w.l(stdout.o)
    0x20000060        -       0x000003b8   Zero   RW          209    .bss                main.o
    0x20000418        -       0x000000c8   Zero   RW          231    .bss                tasks.o
    0x200004e0        -       0x00004400   Zero   RW          355    .bss                heap_2.o
    0x200048e0        -       0x00000200   Zero   RW            1    STACK               stm32f10x.o


==============================================================================

Image component sizes


      Code (inc. data)   RO Data    RW Data    ZI Data      Debug   Object Name

       110          0          0          0          0        448   cortexm3_macro_rvds.o
       268         10          0         24      17408       3344   heap_2.o
       120          4          0          0          0        842   led.o
       138          0          0          0          0       1982   list.o
       368         72          0          0        952       3331   main.o
       350         30          0          4          0       7248   port.o
       152          8          0          0          0      32451   serial.o
        28          4        228          0        512        816   stm32f10x.o
       544         18          0          0          0      10039   stm32f10x_gpio.o
         0          0          0          0          0       6364   stm32f10x_lib.o
       776         18          0          0          0       7612   stm32f10x_nvic.o
       720         34         20          0          0       8870   stm32f10x_rcc.o
       146          0          0          0          0       1729   stm32f10x_systick.o
       732          8          0          0          0      30933   stm32f10x_usart.o
      4408         84          0         64        200      47112   tasks.o

    ----------------------------------------------------------------------
      8868        290        280         92      19072     163121   Object Totals
         0          0         32          0          0          0   (incl. Generated)
         8          0          0          0          0          0   (incl. Padding)

    ----------------------------------------------------------------------

      Code (inc. data)   RO Data    RW Data    ZI Data      Debug   Library Member Name

         0          0          0          0          0          0   entry.o
         0          0          0          0          0          0   entry10a.o
         0          0          0          0          0          0   entry11a.o
         4          0          0          0          0          0   entry12b.o
         8          4          0          0          0          0   entry2.o
         4          0          0          0          0          0   entry5.o
         0          0          0          0          0          0   entry7b.o
         0          0          0          0          0          0   entry8b.o
         8          4          0          0          0          0   entry9a.o
        30          0          0          0          0          0   handlers.o
        36          8          0          0          0         68   init.o
        50          8          0          0          0        152   printfb.o
         0          0          0          4          0          0   stdout.o

    ----------------------------------------------------------------------
       140         24          0          4          0        220   Library Totals
         0          0          0          0          0          0   (incl. Padding)

    ----------------------------------------------------------------------

      Code (inc. data)   RO Data    RW Data    ZI Data      Debug   Library Name

       140         24          0          4          0        220   mc_w.l

    ----------------------------------------------------------------------
       140         24          0          4          0        220   Library Totals

    ----------------------------------------------------------------------

==============================================================================


      Code (inc. data)   RO Data    RW Data    ZI Data      Debug   

      9008        314        280         96      19072     161725   Grand Totals
      9008        314        280         96      19072     161725   ELF Image Totals
      9008        314        280         96          0          0   ROM Totals

==============================================================================

    Total RO  Size (Code + RO Data)                 9288 (   9.07kB)
    Total RW  Size (RW Data + ZI Data)             19168 (  18.72kB)
    Total ROM Size (Code + RO Data + RW Data)       9384 (   9.16kB)

==============================================================================

