<html>
<body>
<pre>
<h1>µVision Build Log</h1>
<h2>Tool Versions:</h2>
IDE-Version: ¦ÌVision V5.38.0.0
Copyright (C) 2022 ARM Ltd and ARM Germany GmbH. All rights reserved.
License Information: WLDB WLDB, WLDB, LIC=3UURY-I27UT-68CFC-7MWC0-ZKPDU-5LB48
 
Tool Versions:
Toolchain:       MDK-ARM Professional  Version: 5.38.0.0
Toolchain Path:  D:\Keil5\ARM\ARMCC\Bin
C Compiler:      Armcc.exe V5.06 update 7 for Certification (build 960)
Assembler:       Armasm.exe V5.06 update 7 for Certification (build 960)
Linker/Locator:  ArmLink.exe V5.06 update 7 for Certification (build 960)
Library Manager: ArmAr.exe V5.06 update 7 for Certification (build 960)
Hex Converter:   FromElf.exe V5.06 update 7 for Certification (build 960)
CPU DLL:         SARMCM3.DLL V5.38.0.0
Dialog DLL:      DARMSTM.DLL V1.69.1.0
Target DLL:      STLink\ST-LINKIII-KEIL_SWO.dll V3.1.0.0
Dialog DLL:      TCM.DLL V1.56.4.0
 
<h2>Project:</h2>
D:\Code\RTOS\Project\FreeRTOSv202107.00\FreeRTOS\Demo\CORTEX_STM32F103_Keil\RTOSDemo.uvprojx
Project File Date:  05/08/2026

<h2>Output:</h2>
*** Using Compiler 'V5.06 update 7 for Certification (build 960)', folder: 'D:\Keil5\ARM\ARMCC\Bin'
Build target 'Target 1'
compiling main.c...
linking...
Program Size: Code=9008 RO-data=280 RW-data=96 ZI-data=19072  
".\Objects\RTOSDemo.axf" - 0 Error(s), 0 Warning(s).

<h2>Software Packages used:</h2>

Package Vendor: Keil
                https://www.keil.com/pack/Keil.STM32F1xx_DFP.2.4.1.pack
                Keil.STM32F1xx_DFP.2.4.1
                STMicroelectronics STM32F1 Series Device Support, Drivers and Examples

<h2>Collection of Component include folders:</h2>
  D:/Keil5/Keil/STM32F1xx_DFP/2.4.1/Device/Include

<h2>Collection of Component Files used:</h2>
Build Time Elapsed:  00:00:00
</pre>
</body>
</html>
